Component: ARM Compiler 5.06 update 6 (build 750) Tool: armlink [4d35ed]

==============================================================================

Section Cross References

    stm32f10x_gpio.o(.text) refers to stm32f10x_rcc.o(.text) for RCC_APB2PeriphResetCmd
    stm32f10x_rcc.o(.text) refers to stm32f10x_rcc.o(.data) for APBAHBPrescTable
    stm32f10x_wwdg.o(.text) refers to stm32f10x_rcc.o(.text) for RCC_APB1PeriphResetCmd
    stm32f10x_usart.o(.text) refers to stm32f10x_rcc.o(.text) for RCC_APB2PeriphResetCmd
    stm32f10x_i2c.o(.text) refers to stm32f10x_rcc.o(.text) for RCC_APB1PeriphResetCmd
    stm32f10x_bkp.o(.text) refers to stm32f10x_rcc.o(.text) for RCC_BackupResetCmd
    stm32f10x_pwr.o(.text) refers to stm32f10x_rcc.o(.text) for RCC_APB1PeriphResetCmd
    stm32f10x_spi.o(.text) refers to stm32f10x_rcc.o(.text) for RCC_APB2PeriphResetCmd
    stm32f10x_tim.o(.text) refers to stm32f10x_rcc.o(.text) for RCC_APB2PeriphResetCmd
    startup_stm32f10x_hd.o(RESET) refers to startup_stm32f10x_hd.o(STACK) for __initial_sp
    startup_stm32f10x_hd.o(RESET) refers to startup_stm32f10x_hd.o(.text) for Reset_Handler
    startup_stm32f10x_hd.o(RESET) refers to stm32f10x_it.o(.text) for NMI_Handler
    startup_stm32f10x_hd.o(RESET) refers to os_cpu_a.o(.text) for PendSV_Handler
    startup_stm32f10x_hd.o(RESET) refers to rtc.o(.text) for RTC_IRQHandler
    startup_stm32f10x_hd.o(RESET) refers to bsp_commucation.o(.text) for DMA1_Channel2_IRQHandler
    startup_stm32f10x_hd.o(RESET) refers to bsp_ireader.o(.text) for DMA1_Channel4_IRQHandler
    startup_stm32f10x_hd.o(RESET) refers to i2c_ee_dma.o(.text) for DMA1_Channel6_IRQHandler
    startup_stm32f10x_hd.o(RESET) refers to uart485.o(.text) for TIM3_IRQHandler
    startup_stm32f10x_hd.o(RESET) refers to log.o(.text) for USART2_IRQHandler
    startup_stm32f10x_hd.o(RESET) refers to mdb_driver.o(.text) for UART4_IRQHandler
    startup_stm32f10x_hd.o(.text) refers to system_stm32f10x.o(.text) for SystemInit
    startup_stm32f10x_hd.o(.text) refers to entry.o(.ARM.Collect$$$$00000000) for __main
    system_stm32f10x.o(.text) refers to system_stm32f10x.o(.data) for SystemCoreClock
    os_core.o(.text) refers to os_cpu_a.o(.text) for OS_CPU_SR_Save
    os_core.o(.text) refers to os_task.o(.text) for OSTaskStkChk
    os_core.o(.text) refers to os_time.o(.text) for OSTimeDly
    os_core.o(.text) refers to os_cpu_c.o(.text) for OSTaskStatHook
    os_core.o(.text) refers to os_flag.o(.text) for OS_FlagInit
    os_core.o(.text) refers to os_mem.o(.text) for OS_MemInit
    os_core.o(.text) refers to os_q.o(.text) for OS_QInit
    os_core.o(.text) refers to os_core.o(.data) for OSIntNesting
    os_core.o(.text) refers to os_core.o(.bss) for OSTCBPrioTbl
    os_core.o(.text) refers to os_core.o(.constdata) for OSUnMapTbl
    os_flag.o(.text) refers to os_cpu_a.o(.text) for OS_CPU_SR_Save
    os_flag.o(.text) refers to os_core.o(.text) for OS_Sched
    os_flag.o(.text) refers to os_core.o(.data) for OSIntNesting
    os_flag.o(.text) refers to os_core.o(.bss) for OSFlagTbl
    os_mbox.o(.text) refers to os_cpu_a.o(.text) for OS_CPU_SR_Save
    os_mbox.o(.text) refers to os_core.o(.text) for OS_EventWaitListInit
    os_mbox.o(.text) refers to os_core.o(.data) for OSIntNesting
    os_mem.o(.text) refers to os_cpu_a.o(.text) for OS_CPU_SR_Save
    os_mem.o(.text) refers to os_core.o(.text) for OS_StrCopy
    os_mem.o(.text) refers to os_core.o(.data) for OSMemFreeList
    os_mem.o(.text) refers to os_core.o(.bss) for OSMemTbl
    os_mutex.o(.text) refers to os_cpu_a.o(.text) for OS_CPU_SR_Save
    os_mutex.o(.text) refers to os_core.o(.text) for OS_EventWaitListInit
    os_mutex.o(.text) refers to os_core.o(.data) for OSIntNesting
    os_mutex.o(.text) refers to os_core.o(.bss) for OSTCBPrioTbl
    os_q.o(.text) refers to os_cpu_a.o(.text) for OS_CPU_SR_Save
    os_q.o(.text) refers to os_core.o(.text) for OS_EventWaitListInit
    os_q.o(.text) refers to os_core.o(.data) for OSIntNesting
    os_q.o(.text) refers to os_core.o(.bss) for OSQTbl
    os_sem.o(.text) refers to os_cpu_a.o(.text) for OS_CPU_SR_Save
    os_sem.o(.text) refers to os_core.o(.text) for OS_EventWaitListInit
    os_sem.o(.text) refers to os_core.o(.data) for OSIntNesting
    os_task.o(.text) refers to os_cpu_a.o(.text) for OS_CPU_SR_Save
    os_task.o(.text) refers to os_core.o(.text) for OS_Sched
    os_task.o(.text) refers to os_cpu_c.o(.text) for OSTaskStkInit
    os_task.o(.text) refers to os_flag.o(.text) for OS_FlagUnlink
    os_task.o(.text) refers to os_core.o(.bss) for OSTCBPrioTbl
    os_task.o(.text) refers to os_core.o(.data) for OSTCBCur
    os_time.o(.text) refers to os_cpu_a.o(.text) for OS_CPU_SR_Save
    os_time.o(.text) refers to os_core.o(.text) for OS_Sched
    os_time.o(.text) refers to os_core.o(.data) for OSIntNesting
    os_time.o(.text) refers to os_core.o(.bss) for OSTCBPrioTbl
    os_cpu_a.o(.text) refers to os_core.o(.data) for OSRunning
[...]
    OSMemGet                                 0x0801420f   Thumb Code    78  os_mem.o(.text)
    OSMemNameGet                             0x0801425d   Thumb Code    88  os_mem.o(.text)
    OSMemNameSet                             0x080142b5   Thumb Code   104  os_mem.o(.text)
    OSMemPut                                 0x0801431d   Thumb Code    66  os_mem.o(.text)
    OSMemQuery                               0x0801435f   Thumb Code    64  os_mem.o(.text)
    OS_MemInit                               0x0801439f   Thumb Code    68  os_mem.o(.text)
    OSQAccept                                0x080143f1   Thumb Code   106  os_q.o(.text)
    OSQCreate                                0x0801445b   Thumb Code   150  os_q.o(.text)
    OSQDel                                   0x080144f1   Thumb Code   270  os_q.o(.text)
    OSQFlush                                 0x080145ff   Thumb Code    52  os_q.o(.text)
    OSQPend                                  0x08014633   Thumb Code   294  os_q.o(.text)
    OSQPendAbort                             0x08014759   Thumb Code   144  os_q.o(.text)
    OSQPost                                  0x080147e9   Thumb Code   140  os_q.o(.text)
    OSQPostFront                             0x08014875   Thumb Code   122  os_q.o(.text)
    OSQPostOpt                               0x080148ef   Thumb Code   188  os_q.o(.text)
    OSQQuery                                 0x080149ab   Thumb Code   112  os_q.o(.text)
    OS_QInit                                 0x08014a1b   Thumb Code    46  os_q.o(.text)
    OSSemAccept                              0x08014a51   Thumb Code    50  os_sem.o(.text)
    OSSemCreate                              0x08014a83   Thumb Code    78  os_sem.o(.text)
    OSSemDel                                 0x08014ad1   Thumb Code   236  os_sem.o(.text)
    OSSemPend                                0x08014bbd   Thumb Code   240  os_sem.o(.text)
    OSSemPendAbort                           0x08014cad   Thumb Code   144  os_sem.o(.text)
    OSSemPost                                0x08014d3d   Thumb Code    94  os_sem.o(.text)
    OSSemQuery                               0x08014d9b   Thumb Code    94  os_sem.o(.text)
    OSSemSet                                 0x08014df9   Thumb Code    80  os_sem.o(.text)
    OSTaskChangePrio                         0x08014e59   Thumb Code   342  os_task.o(.text)
    OSTaskCreate                             0x08014faf   Thumb Code   158  os_task.o(.text)
    OS_TaskStkClr                            0x0801504d   Thumb Code    26  os_task.o(.text)
    OSTaskCreateExt                          0x08015067   Thumb Code   180  os_task.o(.text)
    OSTaskDel                                0x0801511b   Thumb Code   318  os_task.o(.text)
    OSTaskDelReq                             0x08015259   Thumb Code   154  os_task.o(.text)
    OSTaskNameGet                            0x080152f3   Thumb Code   148  os_task.o(.text)
    OSTaskNameSet                            0x08015387   Thumb Code   160  os_task.o(.text)
    OSTaskResume                             0x08015427   Thumb Code   162  os_task.o(.text)
    OSTaskStkChk                             0x080154c9   Thumb Code   150  os_task.o(.text)
    OSTaskSuspend                            0x0801555f   Thumb Code   172  os_task.o(.text)
    OSTaskQuery                              0x0801560b   Thumb Code   100  os_task.o(.text)
    OSTimeDly                                0x08015689   Thumb Code    96  os_time.o(.text)
    OSTimeDlyHMSM                            0x080156e9   Thumb Code   160  os_time.o(.text)
    OSTimeDlyResume                          0x08015789   Thumb Code   168  os_time.o(.text)
    OSTimeGet                                0x08015831   Thumb Code    24  os_time.o(.text)
    OSTimeSet                                0x08015849   Thumb Code    24  os_time.o(.text)
    OS_CPU_SR_Save                           0x08015879   Thumb Code     0  os_cpu_a.o(.text)
    OS_CPU_SR_Restore                        0x08015881   Thumb Code     0  os_cpu_a.o(.text)
    OSStartHighRdy                           0x08015887   Thumb Code     0  os_cpu_a.o(.text)
    OSCtxSw                                  0x080158a7   Thumb Code     0  os_cpu_a.o(.text)
    OSIntCtxSw                               0x080158b1   Thumb Code     0  os_cpu_a.o(.text)
    PendSV_Handler                           0x080158bb   Thumb Code     0  os_cpu_a.o(.text)
    OSInitHookBegin                          0x0801591d   Thumb Code     2  os_cpu_c.o(.text)
    OSInitHookEnd                            0x0801591f   Thumb Code     2  os_cpu_c.o(.text)
    OSTaskCreateHook                         0x08015921   Thumb Code     2  os_cpu_c.o(.text)
    OSTaskDelHook                            0x08015923   Thumb Code     2  os_cpu_c.o(.text)
    OSTaskIdleHook                           0x08015925   Thumb Code     2  os_cpu_c.o(.text)
    OSTaskStatHook                           0x08015927   Thumb Code     2  os_cpu_c.o(.text)
    OSTaskStkInit                            0x08015929   Thumb Code   154  os_cpu_c.o(.text)
    OSTaskSwHook                             0x080159c3   Thumb Code     2  os_cpu_c.o(.text)
    OSTCBInitHook                            0x080159c5   Thumb Code     2  os_cpu_c.o(.text)
    OSTimeTickHook                           0x080159c7   Thumb Code     2  os_cpu_c.o(.text)
    tm12864_WriteCmd                         0x08015ac3   Thumb Code   152  12864-no_font.o(.text)
    bsp_lcd_set_directrion                   0x08015d5d   Thumb Code     2  12864-no_font.o(.text)
    bsp_lcd_hard_congfigure                  0x08015d5f   Thumb Code    12  12864-no_font.o(.text)
    bsp_get_xsize                            0x08015d6b   Thumb Code     4  12864-no_font.o(.text)
    bsp_get_ysize                            0x08015d6f   Thumb Code     4  12864-no_font.o(.text)
    lcd_fill_color                           0x0801601d   Thumb Code    80  12864-no_font.o(.text)
    show_ercode                              0x0801606d   Thumb Code   200  12864-no_font.o(.text)
    clear_ercode                             0x08016135   Thumb Code   160  12864-no_font.o(.text)
    lcd_print_lattic                         0x080161d5   Thumb Code    80  12864-no_font.o(.text)
    lcd_set_background                       0x08016225   Thumb Code     6  bsp_lcd.o(.text)
    lcd_set_forceground                      0x0801622b   Thumb Code     6  bsp_lcd.o(.text)
    lcd_get_xsize                            0x08016231   Thumb Code     6  bsp_lcd.o(.text)
    lcd_get_ysize                            0x08016237   Thumb Code     6  bsp_lcd.o(.text)
    lcd_show_string                          0x08016323   Thumb Code   146  bsp_lcd.o(.text)
    transfer24Bit_to_16Bit                   0x080163b5   Thumb Code    30  bsp_lcd.o(.text)
    lcd_show_num                             0x080163d3   Thumb Code   112  bsp_lcd.o(.text)
    lcd_show_money                           0x08016443   Thumb Code   256  bsp_lcd.o(.text)
    lcd_show_time                            0x08016543   Thumb Code   436  bsp_lcd.o(.text)
    lcd_clear                                0x080166f7   Thumb Code    24  bsp_lcd.o(.text)
    lcd_show_character                       0x0801670f   Thumb Code   160  bsp_lcd.o(.text)
    lcd_clear_character                      0x080167af   Thumb Code   258  bsp_lcd.o(.text)
    lcd_init                                 0x080168b1   Thumb Code    28  bsp_lcd.o(.text)
    RCC_Configuration                        0x080168ed   Thumb Code   116  sys_config.o(.text)
    NVIC_Configuration                       0x08016961   Thumb Code    14  sys_config.o(.text)
    SysTick_Configuration                    0x0801696f   Thumb Code    98  sys_config.o(.text)
    BUZZER_Configuration                     0x080169d1   Thumb Code    42  sys_config.o(.text)
    LED_Configuration                        0x080169fb   Thumb Code    78  sys_config.o(.text)
    Gpio_Configuration                       0x08016a49   Thumb Code    78  sys_config.o(.text)
    fputc                                    0x08016a97   Thumb Code    32  sys_config.o(.text)
    I2C_EE_Init                              0x08016ae1   Thumb Code   192  i2c_ee_dma.o(.text)
    I2C_EE_ReadBuffer                        0x08016c83   Thumb Code    42  i2c_ee_dma.o(.text)
    I2C_EE_WriteOnePageCompleted             0x08016e39   Thumb Code    44  i2c_ee_dma.o(.text)
    I2C_EE_WriteBuffer                       0x08016e65   Thumb Code    86  i2c_ee_dma.o(.text)
    DMA1_Channel6_IRQHandler                 0x08016ec7   Thumb Code   338  i2c_ee_dma.o(.text)
    DMA1_Channel7_IRQHandler                 0x08017019   Thumb Code   130  i2c_ee_dma.o(.text)
    I2C1_EV_IRQHandler                       0x0801709b   Thumb Code   472  i2c_ee_dma.o(.text)
    I2C1_ER_IRQHandler                       0x08017273   Thumb Code   152  i2c_ee_dma.o(.text)
    Is_Leap_Year                             0x08017399   Thumb Code    58  rtc.o(.text)
    Rtc_Init                                 0x080176af   Thumb Code   150  rtc.o(.text)
    bkp_flash_reset                          0x08017745   Thumb Code   120  rtc.o(.text)
    RTC_IRQHandler                           0x080177bd   Thumb Code    32  rtc.o(.text)
    time_check                               0x080177dd   Thumb Code     2  rtc.o(.text)
    set_rtc_time                             0x080177df   Thumb Code   170  rtc.o(.text)
    TIM3_Init                                0x08017889   Thumb Code   106  tim3.o(.text)
    TIM4_Init                                0x080178f3   Thumb Code   106  tim3.o(.text)
    start_tim4_ms                            0x0801795d   Thumb Code    36  tim3.o(.text)
    start_tim3_ms                            0x08017981   Thumb Code    36  tim3.o(.text)
    start_tim3_s                             0x080179a5   Thumb Code    42  tim3.o(.text)
    uart_485_config                          0x080179d9   Thumb Code   302  uart485.o(.text)
    bus_Lock_485                             0x08017b07   Thumb Code    16  uart485.o(.text)
    bus_Unlock_485                           0x08017b17   Thumb Code    12  uart485.o(.text)
    send_to_485Bus                           0x08017b23   Thumb Code   170  uart485.o(.text)
    TIM3_IRQHandler                          0x08017bcd   Thumb Code   112  uart485.o(.text)
    UART5_IRQHandler                         0x08017c3d   Thumb Code   300  uart485.o(.text)
    USART2_IRQHandler                        0x08017e09   Thumb Code   180  log.o(.text)
    usart2_send                              0x08017ebd   Thumb Code    24  log.o(.text)
    log_send                                 0x08017ed5   Thumb Code   106  log.o(.text)
    log_init                                 0x08017f3f   Thumb Code    28  log.o(.text)
    icreader_recv_default                    0x08017f79   Thumb Code     2  bsp_ireader.o(.text)
    uart1_dmaSend_config                     0x080180ab   Thumb Code   150  bsp_ireader.o(.text)
    DMA1_Channel5_IRQHandler                 0x08018141   Thumb Code   100  bsp_ireader.o(.text)
    DMA1_Channel4_IRQHandler                 0x080181a5   Thumb Code    92  bsp_ireader.o(.text)
    USART1_IRQHandler                        0x08018201   Thumb Code   218  bsp_ireader.o(.text)
    lock_ireader_bus                         0x080182db   Thumb Code    20  bsp_ireader.o(.text)
    unlock_ireader_bus                       0x080182ef   Thumb Code    12  bsp_ireader.o(.text)
    wait_ireader_bus                         0x080182fb   Thumb Code    20  bsp_ireader.o(.text)
    bsp_ireader_init                         0x0801830f   Thumb Code    54  bsp_ireader.o(.text)
    cmd_icreader_send                        0x08018345   Thumb Code    46  bsp_ireader.o(.text)
    uart3_dmaSend_config                     0x080184dd   Thumb Code   156  bsp_commucation.o(.text)
    DMA1_Channel3_IRQHandler                 0x08018579   Thumb Code    96  bsp_commucation.o(.text)
    DMA1_Channel2_IRQHandler                 0x080185d9   Thumb Code    76  bsp_commucation.o(.text)
    commucation_recv_default                 0x08018625   Thumb Code     2  bsp_commucation.o(.text)
    USART3_IRQHandler                        0x08018627   Thumb Code   222  bsp_commucation.o(.text)
    bsp_commucation_init                     0x08018705   Thumb Code    24  bsp_commucation.o(.text)
    commucation_send                         0x0801871d   Thumb Code    56  bsp_commucation.o(.text)
    commucation_recv_get                     0x08018755   Thumb Code     4  bsp_commucation.o(.text)
    commucation_send_get                     0x08018759   Thumb Code     4  bsp_commucation.o(.text)
    commucation_rxlen_get                    0x0801875d   Thumb Code     6  bsp_commucation.o(.text)
    Key_Run                                  0x080189df   Thumb Code   958  bsp_key.o(.text)
    bsp_bkp_init                             0x08018db1   Thumb Code    20  bsp_bkp.o(.text)
    credit_get                               0x08018dc5   Thumb Code    24  bsp_bkp.o(.text)
    credit_set                               0x08018ddd   Thumb Code    22  bsp_bkp.o(.text)
    mailcount_get                            0x08018df3   Thumb Code    24  bsp_bkp.o(.text)
    mailcount_set                            0x08018e0b   Thumb Code    22  bsp_bkp.o(.text)
    mailnum_get                              0x08018e21   Thumb Code    24  bsp_bkp.o(.text)
    mailnum_set                              0x08018e39   Thumb Code    22  bsp_bkp.o(.text)
    flashqueue_head_get                      0x08018e4f   Thumb Code    24  bsp_bkp.o(.text)
    flashqueue_head_set                      0x08018e67   Thumb Code    22  bsp_bkp.o(.text)
    flashqueue_rear_get                      0x08018e7d   Thumb Code    24  bsp_bkp.o(.text)
    flashqueue_rear_set                      0x08018e95   Thumb Code    22  bsp_bkp.o(.text)
    mailusedsec_get                          0x08018eab   Thumb Code    24  bsp_bkp.o(.text)
    mailusedsec_set                          0x08018ec3   Thumb Code    22  bsp_bkp.o(.text)
    nochanger_get                            0x08018ed9   Thumb Code    22  bsp_bkp.o(.text)
    nochanger_set                            0x08018eef   Thumb Code    22  bsp_bkp.o(.text)
    tradenum_set                             0x08018f05   Thumb Code    22  bsp_bkp.o(.text)
    tradenum_get                             0x08018f1b   Thumb Code    24  bsp_bkp.o(.text)
    tradenum_add                             0x08018f33   Thumb Code    40  bsp_bkp.o(.text)
    loop_channel_get                         0x08018f5b   Thumb Code   118  bsp_bkp.o(.text)
    loop_channel_set                         0x08018fd1   Thumb Code   286  bsp_bkp.o(.text)
    loop_channel_add                         0x080190ef   Thumb Code   388  bsp_bkp.o(.text)
    bkp_trayStore_reset                      0x08019273   Thumb Code    36  bsp_bkp.o(.text)
    bkp_trayStore_set                        0x08019297   Thumb Code    90  bsp_bkp.o(.text)
    bkp_trayStore_get                        0x080192f1   Thumb Code    66  bsp_bkp.o(.text)
    bkp_trayStatistic_reset                  0x08019333   Thumb Code   100  bsp_bkp.o(.text)
    bkp_trayStatistic_add                    0x08019397   Thumb Code   130  bsp_bkp.o(.text)
    bkp_trayStatistic_set                    0x08019419   Thumb Code   108  bsp_bkp.o(.text)
    bkp_trayStatistic_get                    0x08019485   Thumb Code    88  bsp_bkp.o(.text)
    bkp_wholeStatistic_reset                 0x080194dd   Thumb Code    36  bsp_bkp.o(.text)
    bkp_wholeStatistic_add                   0x08019501   Thumb Code    84  bsp_bkp.o(.text)
    bkp_wholeStatistic_get                   0x08019555   Thumb Code    48  bsp_bkp.o(.text)
    LoadMenu                                 0x08019585   Thumb Code   304  menu_format.o(.text)
    MenuNAVDOWN                              0x080196b5   Thumb Code   700  menu_format.o(.text)
    MenuNAVUP                                0x08019971   Thumb Code  1084  menu_format.o(.text)
    intermenuitem                            0x08019dad   Thumb Code    40  menu_format.o(.text)
    LoadTextBox                              0x08019dd5   Thumb Code    20  menu_format.o(.text)
    TextBoxNAVDOWN                           0x08019de9   Thumb Code    42  menu_format.o(.text)
    TextBoxDISBYID                           0x08019e13   Thumb Code    30  menu_format.o(.text)
    contant_load                             0x08019e31   Thumb Code   322  menu_format.o(.text)
    content_page_down                        0x08019f73   Thumb Code   684  menu_format.o(.text)
    content_page_up                          0x0801a21f   Thumb Code   962  menu_format.o(.text)
    content_item_fls                         0x0801a5e1   Thumb Code   128  menu_format.o(.text)
    transfer_value_to_char                   0x0801a661   Thumb Code    34  menu_format.o(.text)
    transfer_value_to_time                   0x0801a683   Thumb Code    54  menu_format.o(.text)
    transfer_value_to_data                   0x0801a6b9   Thumb Code   162  menu_format.o(.text)
    transfer_value_to_money                  0x0801a75b   Thumb Code   152  menu_format.o(.text)
    Mem_Init                                 0x0801a80d   Thumb Code    88  mem.o(.text)
    _malloc                                  0x0801a865   Thumb Code    80  mem.o(.text)
    _free                                    0x0801a8b5   Thumb Code    86  mem.o(.text)
    apply_fsm_msg                            0x0801a925   Thumb Code    46  msg.o(.text)
    release_fsm_msg                          0x0801a953   Thumb Code    18  msg.o(.text)
    send_fsm_msg                             0x0801a965   Thumb Code    40  msg.o(.text)
    SendFSYSMSG                              0x0801a98d   Thumb Code    16  msg.o(.text)
    WaitSYSMSG                               0x0801a99d   Thumb Code    20  msg.o(.text)
    e2p_get_vminfo                           0x0801a9b5   Thumb Code    18  setup.o(.text)
    e2p_get_common                           0x0801a9c7   Thumb Code    18  setup.o(.text)
    e2p_get_cashless                         0x0801a9d9   Thumb Code    18  setup.o(.text)
    e2p_get_cash                             0x0801a9eb   Thumb Code    18  setup.o(.text)
    e2p_get_ex1                              0x0801a9fd   Thumb Code    18  setup.o(.text)
    e2p_get_ex2                              0x0801aa0f   Thumb Code    18  setup.o(.text)
    e2p_get_commucation                      0x0801aa21   Thumb Code    18  setup.o(.text)
    e2p_get_channel                          0x0801aa33   Thumb Code    52  setup.o(.text)
    e2p_get_channelState                     0x0801aa67   Thumb Code   154  setup.o(.text)
    e2p_set_channelState                     0x0801ab01   Thumb Code   154  setup.o(.text)
    e2p_get_price                            0x0801ab9b   Thumb Code   162  setup.o(.text)
    e2p_get_channelEnable                    0x0801ac3d   Thumb Code   138  setup.o(.text)
    e2p_get_store                            0x0801acc7   Thumb Code   138  setup.o(.text)
    e2p_get_storeBkp                         0x0801ad51   Thumb Code   138  setup.o(.text)
    e2p_get_spring                           0x0801addb   Thumb Code   134  setup.o(.text)
    e2p_get_channelCode                      0x0801ae61   Thumb Code   130  setup.o(.text)
    e2p_get_channelStatistic                 0x0801aee3   Thumb Code   252  setup.o(.text)
    e2p_set_vminfo                           0x0801afdf   Thumb Code    18  setup.o(.text)
    e2p_set_common                           0x0801aff1   Thumb Code    18  setup.o(.text)
    e2p_set_cashless                         0x0801b003   Thumb Code    18  setup.o(.text)
    e2p_set_cash                             0x0801b015   Thumb Code    18  setup.o(.text)
    e2p_set_ex1                              0x0801b027   Thumb Code    18  setup.o(.text)
    e2p_set_ex2                              0x0801b039   Thumb Code    18  setup.o(.text)
    e2p_set_commucation                      0x0801b04b   Thumb Code    18  setup.o(.text)
    e2p_set_channel                          0x0801b05d   Thumb Code   194  setup.o(.text)
    e2p_set_price                            0x0801b11f   Thumb Code   266  setup.o(.text)
    e2p_set_channelEnable                    0x0801b229   Thumb Code   138  setup.o(.text)
    e2p_set_store                            0x0801b2b3   Thumb Code   138  setup.o(.text)
    e2p_set_storeBkp                         0x0801b33d   Thumb Code   138  setup.o(.text)
    e2p_set_spring                           0x0801b3c7   Thumb Code   138  setup.o(.text)
    e2p_set_channelCode                      0x0801b451   Thumb Code   134  setup.o(.text)
    e2p_add_channelStatistic                 0x0801b4d7   Thumb Code   476  setup.o(.text)
    e2p_set_channelStatistic                 0x0801b6b3   Thumb Code   236  setup.o(.text)
    e2p_reset_channel                        0x0801b8b1   Thumb Code   144  setup.o(.text)
    e2p_reset_channelStatistic               0x0801b941   Thumb Code    66  setup.o(.text)
    e2p_reset_all                            0x0801b983   Thumb Code    48  setup.o(.text)
    e2p_poweron_init                         0x0801b9b3   Thumb Code    94  setup.o(.text)
    e2p_get_global                           0x0801ba11   Thumb Code    76  setup.o(.text)
    assistanttiming                          0x0801ba79   Thumb Code    26  assist.o(.text)
    assistanttiminghm                        0x0801ba93   Thumb Code    14  assist.o(.text)
    stopassistantming                        0x0801baa1   Thumb Code    14  assist.o(.text)
    assistant                                0x0801baaf   Thumb Code    76  assist.o(.text)
    readbillset                              0x0801bb05   Thumb Code     2  bill.o(.text)
    setbillCE                                0x0801bb07   Thumb Code     2  bill.o(.text)
    set_bill_status                          0x0801bb09   Thumb Code    86  bill.o(.text)
    Bill_Payout_Status                       0x0801bb5f   Thumb Code   312  bill.o(.text)
    Payout_Value_Poll                        0x0801bc97   Thumb Code   122  bill.o(.text)
    Bill_Poll_Recy                           0x0801bd11   Thumb Code   274  bill.o(.text)
    Dispense_Bill                            0x0801be23   Thumb Code    90  bill.o(.text)
    BILL_Dispen_Status                       0x0801be7d   Thumb Code   322  bill.o(.text)
    Bill_Escrow_CMD                          0x0801bfbf   Thumb Code    96  bill.o(.text)
    Bill_Poll_CMD                            0x0801c01f   Thumb Code   814  bill.o(.text)
    Bill_TYPE                                0x0801c34d   Thumb Code   210  bill.o(.text)
    Bill_Stacker                             0x0801c41f   Thumb Code   112  bill.o(.text)
    Recycler_Enable                          0x0801c48f   Thumb Code   122  bill.o(.text)
    Recycler_Setup                           0x0801c509   Thumb Code   200  bill.o(.text)
    Bill_Exp_EnOption                        0x0801c5d1   Thumb Code   136  bill.o(.text)
    Bill_Exp_Feature                         0x0801c659   Thumb Code   144  bill.o(.text)
    Bill_Exp_Identifiy                       0x0801c6e9   Thumb Code   142  bill.o(.text)
    Bill_Security                            0x0801c777   Thumb Code   116  bill.o(.text)
    Bill_Setup                               0x0801c7eb   Thumb Code   380  bill.o(.text)
    BillReset_Poll                           0x0801c967   Thumb Code   234  bill.o(.text)
    BillValtdator_Reset                      0x0801ca51   Thumb Code   134  bill.o(.text)
    BillValtdatorInit                        0x0801cad7   Thumb Code   174  bill.o(.text)
    savebillaccept                           0x0801cb85   Thumb Code     2  bill.o(.text)
    Bill_Setup2                              0x0801cb87   Thumb Code   628  bill.o(.text)
    Dispen_Bill                              0x0801cdfb   Thumb Code   128  bill.o(.text)
    Check_Dispen_Bill                        0x0801ce7b   Thumb Code   194  bill.o(.text)
    get_dis_money                            0x0801cf3d   Thumb Code   164  bill.o(.text)
    exit_bill_onlyone                        0x0801cfe1   Thumb Code   114  bill.o(.text)
    ESCROW                                   0x0801d053   Thumb Code    26  bill.o(.text)
    CE_BILL                                  0x0801d06d   Thumb Code    24  bill.o(.text)
    enloughcoin                              0x0801d099   Thumb Code   320  coin.o(.text)
    readcoinset                              0x0801d1d9   Thumb Code     6  coin.o(.text)
    setcoinCE                                0x0801d1df   Thumb Code     6  coin.o(.text)
    set_coin_status                          0x0801d1e5   Thumb Code   156  coin.o(.text)
    savedispense                             0x0801d281   Thumb Code     2  coin.o(.text)
    Coin_Poll                                0x0801d283   Thumb Code   856  coin.o(.text)
    Coin_Diagnostic_Status                   0x0801d5db   Thumb Code   230  coin.o(.text)
    Payout_Status                            0x0801d6c1   Thumb Code   246  coin.o(.text)
    Payout_Value                             0x0801d7b7   Thumb Code   176  coin.o(.text)
    Coin_Dispense_CMD                        0x0801d867   Thumb Code   218  coin.o(.text)
    Coin_Type                                0x0801d941   Thumb Code   284  coin.o(.text)
    Coin_TubeStatus                          0x0801da5d   Thumb Code   200  coin.o(.text)
    Coin_Exp_Feature                         0x0801db25   Thumb Code   184  coin.o(.text)
    Coin_Exp_Id                              0x0801dbdd   Thumb Code   188  coin.o(.text)
    Coin_Setup                               0x0801dc99   Thumb Code   436  coin.o(.text)
    CoinReset_Poll                           0x0801de4d   Thumb Code   222  coin.o(.text)
    CoinChanger_Reset                        0x0801df2b   Thumb Code   148  coin.o(.text)
    CoinChangerInit                          0x0801dfbf   Thumb Code    48  coin.o(.text)
    savecoinaccept                           0x0801dfef   Thumb Code     2  coin.o(.text)
    Coin_Exp_Dignostic                       0x0801dff1   Thumb Code   164  coin.o(.text)
    CheckDispense                            0x0801e095   Thumb Code   234  coin.o(.text)
    DISPENSE                                 0x0801e17f   Thumb Code   238  coin.o(.text)
    NewCheckDispense                         0x0801e26d   Thumb Code   190  coin.o(.text)
    NewDISPENSE                              0x0801e32b   Thumb Code   228  coin.o(.text)
    CE_COIN                                  0x0801e40f   Thumb Code    24  coin.o(.text)
    DMA2_Channel3_IRQHandler                 0x0801e63b   Thumb Code    72  mdb_driver.o(.text)
    DMA2_Channel4_5_IRQHandler               0x0801e683   Thumb Code    58  mdb_driver.o(.text)
    UART4_IRQHandler                         0x0801e809   Thumb Code   332  mdb_driver.o(.text)
    mdb_send_cmd                             0x0801e955   Thumb Code   240  mdb_driver.o(.text)
    uart4_init                               0x0801ea45   Thumb Code    26  mdb_driver.o(.text)
    cycle_time_idle                          0x0801ea79   Thumb Code    98  mdb_fram.o(.text)
    register_mdb_equ                         0x0801eaff   Thumb Code    26  mdb_fram.o(.text)
    MDB_BUS                                  0x0801eb19   Thumb Code    56  mdb_fram.o(.text)
    send_icreader_msg                        0x0801eb65   Thumb Code    54  card_reader_fram.o(.text)
    icreader_state_change                    0x0801eb9b   Thumb Code    78  card_reader_fram.o(.text)
    ireader_task                             0x0801ec0d   Thumb Code    96  card_reader_fram.o(.text)
    ireader_link                             0x0801ed6d   Thumb Code   186  ireader.o(.text)
    ireader_read                             0x0801ee27   Thumb Code   204  ireader.o(.text)
    ireader_pay                              0x0801eef3   Thumb Code     6  ireader.o(.text)
    drv_cmd_channleCheck                     0x0801f24d   Thumb Code   224  drv.o(.text)
    drv_cmd_sale                             0x0801f32d   Thumb Code   214  drv.o(.text)
    drv_cmd_channelReset                     0x0801f403   Thumb Code   208  drv.o(.text)
    drv_cmd_channelCheckall                  0x0801f4d3   Thumb Code   120  drv.o(.text)
    drv_cmd_channelResetall                  0x0801f54b   Thumb Code    78  drv.o(.text)
    drv_cmd_openEX                           0x0801f599   Thumb Code   160  drv.o(.text)
    drv_cmd_closeEX                          0x0801f639   Thumb Code   160  drv.o(.text)
    drv_cmd_checkEX                          0x0801f6d9   Thumb Code    74  drv.o(.text)
    drv_cmd_checkVER                         0x0801f723   Thumb Code   102  drv.o(.text)
    drv_cmd_checkTemp                        0x0801f789   Thumb Code   126  drv.o(.text)
    drv_cmd_getParam                         0x0801f807   Thumb Code    98  drv.o(.text)
    drv_cmd_setParam                         0x0801f869   Thumb Code   364  drv.o(.text)
    drv_cmd_resetParam                       0x0801f9d5   Thumb Code    44  drv.o(.text)
    drv_cmd_reset                            0x0801fa01   Thumb Code    44  drv.o(.text)
    apply_driverboard_msg                    0x0801fa31   Thumb Code   124  drv_fram.o(.text)
    drv_task                                 0x0801fbfb   Thumb Code   416  drv_fram.o(.text)
    policy_tempeture                         0x0801fdb1   Thumb Code   724  drv_policy.o(.text)
    policy_light                             0x08020085   Thumb Code   246  drv_policy.o(.text)
    policy_glass                             0x0802017b   Thumb Code   268  drv_policy.o(.text)
    policy_backup2                           0x08020287   Thumb Code   246  drv_policy.o(.text)
    SetFormatInfoPattern                     0x08020389   Thumb Code   334  qr_encode.o(.text)
    SetMaskingPattern                        0x080204d7   Thumb Code   432  qr_encode.o(.text)
    CountPenalty                             0x08020687   Thumb Code  1620  qr_encode.o(.text)
    SetCodeWordPattern                       0x08020cdb   Thumb Code   166  qr_encode.o(.text)
    SetAlignmentPattern                      0x08020d81   Thumb Code    98  qr_encode.o(.text)
    SetVersionPattern                        0x08020de3   Thumb Code   152  qr_encode.o(.text)
    SetFinderPattern                         0x08020e7b   Thumb Code    70  qr_encode.o(.text)
    SetFunctionModule                        0x08020ec1   Thumb Code   534  qr_encode.o(.text)
    FormatModule                             0x080210d7   Thumb Code   190  qr_encode.o(.text)
    GetRSCodeWord                            0x08021195   Thumb Code   124  qr_encode.o(.text)
    SetBitStream                             0x08021211   Thumb Code   126  qr_encode.o(.text)
    KanjiToBinaly                            0x0802128f   Thumb Code    46  qr_encode.o(.text)
    AlphabetToBinaly                         0x080212bd   Thumb Code   102  qr_encode.o(.text)
    GetBitLength                             0x08021323   Thumb Code   204  qr_encode.o(.text)
    IsAlphabetData                           0x080213ef   Thumb Code    70  qr_encode.o(.text)
    IsNumeralData                            0x08021435   Thumb Code    18  qr_encode.o(.text)
    IsKanjiData                              0x08021447   Thumb Code    50  qr_encode.o(.text)
    EncodeSourceData                         0x08021479   Thumb Code  3104  qr_encode.o(.text)
    GetEncodeVersion                         0x08022099   Thumb Code   242  qr_encode.o(.text)
    EncodeData                               0x0802218b   Thumb Code   984  qr_encode.o(.text)
    enCodeQR                                 0x08022563   Thumb Code    80  qr_encode.o(.text)
    enCodeAndPrintQR                         0x080225b3   Thumb Code   132  qr_encode.o(.text)
    creat_ercode                             0x08022637   Thumb Code   622  qr_encode.o(.text)
    delete_ercode                            0x080228a5   Thumb Code    22  qr_encode.o(.text)
    start_server                             0x080228bd   Thumb Code    52  self_check.o(.text)
    fsm_fun_selfCheck                        0x080228f1   Thumb Code   358  self_check.o(.text)
    fsm_fun_welcom                           0x08022be9   Thumb Code   422  welcom.o(.text)
    fsm_fun_cardOnlinePay                    0x08022db9   Thumb Code  1274  sale_cardonline.o(.text)
    fsm_fun_cardOnlineCheck                  0x080232c1   Thumb Code   866  check_cardonline.o(.text)
    fsm_fun_qrcodePay                        0x0802363d   Thumb Code   604  sale_qrcode.o(.text)
    fsm_fun_cashTrade                        0x080238ad   Thumb Code   440  trade_cash.o(.text)
    get_channel_state                        0x08023a71   Thumb Code   548  choose_goods.o(.text)
    fsm_fun_chooseGoods                      0x08023e3d   Thumb Code   784  choose_goods.o(.text)
    fsm_fun_seniorMenu                       0x08024231   Thumb Code   178  menu_2.o(.text)
    fsm_fun_lowerMenu                        0x08024325   Thumb Code   150  menu_1.o(.text)
    fsm_fun_vmInfo                           0x08024e55   Thumb Code   154  vm_info.o(.text)
    fsm_fun_goodsSet                         0x0802591d   Thumb Code   602  set_goods.o(.text)
    fsm_fun_channleTest                      0x08025e79   Thumb Code  2022  test_channel.o(.text)
    fsm_fun_channelSet                       0x08026ecb   Thumb Code   776  set_channel.o(.text)
    fsm_fun_temperatureSet                   0x08027569   Thumb Code   356  set_tempeture.o(.text)
    fsm_peripheralSet                        0x08027c4b   Thumb Code   258  set_export.o(.text)
    fsm_fun_payment                          0x08028003   Thumb Code   228  set_apply.o(.text)
    fsm_fun_vmSet                            0x08028ecf   Thumb Code  1094  set_vm.o(.text)
    Load_status                              0x08029335   Thumb Code    60  fsm_fram.o(.text)
    FSM_RUN                                  0x08029371   Thumb Code   140  fsm_fram.o(.text)
    fsm_fun_vmSimpleInfo                     0x08029415   Thumb Code   764  vm_simple_info.o(.text)
    fsm_driverboardSet                       0x08029f25   Thumb Code   626  set_driverboard.o(.text)
    fsm_fun_statistic                        0x0802a1b1   Thumb Code  4170  fsm_statistic.o(.text)
    Apply_for_mail                           0x0802b253   Thumb Code    32  com_fram.o(.text)
    send_mail                                0x0802b285   Thumb Code    26  com_fram.o(.text)
    send_f_mail                              0x0802b29f   Thumb Code    26  com_fram.o(.text)
    mail_to_flash                            0x0802b2b9   Thumb Code    20  com_fram.o(.text)
    commucation_task                         0x0802bb37   Thumb Code   112  com_fram.o(.text)
    send_moneydelete_msg                     0x0802bbb5   Thumb Code     6  pack_dispense.o(.text)
    get_link_info                            0x0802bbbd   Thumb Code   236  pack_load.o(.text)
    get_channel_status                       0x0802bca9   Thumb Code   624  pack_load.o(.text)
    get_machine_status                       0x0802bf19   Thumb Code   622  pack_load.o(.text)
    get_software_version                     0x0802c187   Thumb Code   154  pack_load.o(.text)
    send_online_cardRequest                  0x0802c3fd   Thumb Code   856  pack_online_pay.o(.text)
    send_online_cardRequestResult            0x0802c755   Thumb Code   776  pack_online_pay.o(.text)
    report_temp_value                        0x0802ca6d   Thumb Code   378  pack_temp_report.o(.text)
    report_channel_set                       0x0802cbf1   Thumb Code   610  pack_channel_set.o(.text)
    report_trade_result                      0x0802ce81   Thumb Code   906  pack_trade_result.o(.text)
    report_device_set                        0x0802d245   Thumb Code   264  pack_device_set.o(.text)
    report_state_change                      0x0802d355   Thumb Code   450  pack_state_change.o(.text)
    send_qrcode_dat                          0x0802d57f   Thumb Code   248  pack_qrcode.o(.text)
    status_equip_msg                         0x0802d689   Thumb Code     6  pack_status_change.o(.text)
    save_to_flash                            0x0802dbfd   Thumb Code   300  flash_struct.o(.text)
    load_from_flash                          0x0802dd29   Thumb Code   258  flash_struct.o(.text)
    delet_commucation_data                   0x0802de5f   Thumb Code   168  flash_struct.o(.text)
    flash_recovery                           0x0802e213   Thumb Code   274  flash_struct.o(.text)
    flash_poweron_init                       0x0802e325   Thumb Code   406  flash_struct.o(.text)
    use_size                                 0x0802e4bb   Thumb Code    20  flash_struct.o(.text)
    sst26vf032b_read                         0x0802e567   Thumb Code   176  sst25vf016bdrv.o(.text)
    sst26vf032b_Jedec_ID_Read                0x0802e617   Thumb Code   100  sst25vf016bdrv.o(.text)
    sstf032b_IsExist                         0x0802e67b   Thumb Code    44  sst25vf016bdrv.o(.text)
    sst26vf032b_write                        0x0802e6a7   Thumb Code   222  sst25vf016bdrv.o(.text)
    sst26vf032b_erase                        0x0802e785   Thumb Code   316  sst25vf016bdrv.o(.text)
    sst26vf32b_test1                         0x0802e8c1   Thumb Code   238  sst25vf016bdrv.o(.text)
    sst26vf32b_test2                         0x0802e9af   Thumb Code   528  sst25vf016bdrv.o(.text)
    Spi_Flash_Configuration                  0x0802ebf1   Thumb Code   164  sst25vf016bdrv.o(.text)
    input_money                              0x0802eca9   Thumb Code   820  global.o(.text)
    input_clear                              0x0802efdd   Thumb Code    50  global.o(.text)
    input_len_set                            0x0802f00f   Thumb Code     8  global.o(.text)
    input_len_get                            0x0802f017   Thumb Code     6  global.o(.text)
    input_char_get                           0x0802f01d   Thumb Code     6  global.o(.text)
    input_value_get                          0x0802f023   Thumb Code     6  global.o(.text)
    input_time                               0x0802f029   Thumb Code   324  global.o(.text)
    input_data                               0x0802f16d   Thumb Code   556  global.o(.text)
    input_num                                0x0802f399   Thumb Code   194  global.o(.text)
    select_goods                             0x0802f501   Thumb Code   184  global.o(.text)
    select_state_get                         0x0802f5b9   Thumb Code    20  global.o(.text)
    select_char_get                          0x0802f5cd   Thumb Code     6  global.o(.text)
    select_clear                             0x0802f5d3   Thumb Code    40  global.o(.text)
    select_value_get                         0x0802f5fb   Thumb Code     8  global.o(.text)
    fsm_value_clear                          0x0802f603   Thumb Code    16  global.o(.text)
    assert_failed                            0x0802f613   Thumb Code    16  global.o(.text)
    log_fail                                 0x0802f623   Thumb Code    16  global.o(.text)
    word_init                                0x0802f64f   Thumb Code    54  word.o(.text)
    main                                     0x0802f8d1   Thumb Code    78  main.o(.text)
    NMI_Handler                              0x0802f98d   Thumb Code     2  stm32f10x_it.o(.text)
    HardFault_Handler                        0x0802f98f   Thumb Code    16  stm32f10x_it.o(.text)
    MemManage_Handler                        0x0802f99f   Thumb Code     4  stm32f10x_it.o(.text)
    BusFault_Handler                         0x0802f9a3   Thumb Code     4  stm32f10x_it.o(.text)
    UsageFault_Handler                       0x0802f9a7   Thumb Code     4  stm32f10x_it.o(.text)
    SVC_Handler                              0x0802f9ab   Thumb Code     2  stm32f10x_it.o(.text)
    DebugMon_Handler                         0x0802f9ad   Thumb Code     2  stm32f10x_it.o(.text)
    SysTick_Handler                          0x0802f9af   Thumb Code    34  stm32f10x_it.o(.text)
    ___aeabi_memcpy8$move                    0x0802f9d9   Thumb Code     0  memmovea.o(.text)
    __aeabi_memcpy                           0x0802f9d9   Thumb Code    64  memmovea.o(.text)
    __aeabi_memcpy4                          0x0802f9d9   Thumb Code     0  memmovea.o(.text)
    __aeabi_memmove                          0x0802f9d9   Thumb Code     0  memmovea.o(.text)
    __aeabi_memmove4                         0x0802f9d9   Thumb Code     0  memmovea.o(.text)
    __aeabi_memmove8                         0x0802f9d9   Thumb Code     0  memmovea.o(.text)
    __aeabi_memset                           0x0802fa19   Thumb Code    14  memseta.o(.text)
    __aeabi_memset4                          0x0802fa19   Thumb Code     0  memseta.o(.text)
    __aeabi_memset8                          0x0802fa19   Thumb Code     0  memseta.o(.text)
    __aeabi_memclr                           0x0802fa27   Thumb Code     4  memseta.o(.text)
    __aeabi_memclr4                          0x0802fa27   Thumb Code     0  memseta.o(.text)
    __aeabi_memclr8                          0x0802fa27   Thumb Code     0  memseta.o(.text)
    _memset$wrapper                          0x0802fa2b   Thumb Code    18  memseta.o(.text)
    strlen                                   0x0802fa3d   Thumb Code    14  strlen.o(.text)
    strcpy                                   0x0802fa4b   Thumb Code    18  strcpy.o(.text)
    atoi                                     0x0802fa5d   Thumb Code    26  atoi.o(.text)
    __aeabi_uidiv                            0x0802fa77   Thumb Code     0  uidiv.o(.text)
    __aeabi_uidivmod                         0x0802fa77   Thumb Code    44  uidiv.o(.text)
    strtol                                   0x0802faa3   Thumb Code   112  strtol.o(.text)
    __scatterload                            0x0802fb15   Thumb Code    28  init.o(.text)
    __scatterload_rt2                        0x0802fb15   Thumb Code     0  init.o(.text)
    __rt_ctype_table                         0x0802fb39   Thumb Code     4  ctype_o.o(.text)
    _strtoul                                 0x0802fb41   Thumb Code   158  _strtoul.o(.text)
    _chval                                   0x0802fbdf   Thumb Code    28  _chval.o(.text)
    __decompress                             0x0802fbfb   Thumb Code     0  __dczerorl2.o(.text)
    __decompress1                            0x0802fbfb   Thumb Code    86  __dczerorl2.o(.text)
    __0sprintf$6                             0x0802fc51   Thumb Code    34  printf6.o(i.__0sprintf$6)
    __1sprintf$6                             0x0802fc51   Thumb Code     0  printf6.o(i.__0sprintf$6)
    __2sprintf                               0x0802fc51   Thumb Code     0  printf6.o(i.__0sprintf$6)
    __aeabi_errno_addr                       0x0802fc79   Thumb Code     4  errno.o(i.__aeabi_errno_addr)
    __rt_errno_addr                          0x0802fc79   Thumb Code     0  errno.o(i.__aeabi_errno_addr)
    __scatterload_copy                       0x0802fc81   Thumb Code    14  handlers.o(i.__scatterload_copy)
    __scatterload_null                       0x0802fc8f   Thumb Code     2  handlers.o(i.__scatterload_null)
    __scatterload_zeroinit                   0x0802fc91   Thumb Code    14  handlers.o(i.__scatterload_zeroinit)
    OSUnMapTbl                               0x0802ffec   Data         256  os_core.o(.constdata)
    font48                                   0x08051dd8   Data          12  font48.o(.constdata)
    font16                                   0x08053fa4   Data          12  12864_nofont_font.o(.constdata)
    table_week                               0x08053fb0   Data          12  rtc.o(.constdata)
    mon_table                                0x08053fbc   Data          12  rtc.o(.constdata)
    QR_VersonInfo                            0x08053fe0   Data        6068  qr_encode.o(.constdata)
    byExpToInt                               0x08055794   Data         256  qr_encode.o(.constdata)
    byIntToExp                               0x08055894   Data         256  qr_encode.o(.constdata)
    byRSExp7                                 0x08055994   Data           7  qr_encode.o(.constdata)
    byRSExp10                                0x0805599b   Data          10  qr_encode.o(.constdata)
    byRSExp13                                0x080559a5   Data          13  qr_encode.o(.constdata)
    byRSExp15                                0x080559b2   Data          15  qr_encode.o(.constdata)
    byRSExp16                                0x080559c1   Data          16  qr_encode.o(.constdata)
    byRSExp17                                0x080559d1   Data          17  qr_encode.o(.constdata)
    byRSExp18                                0x080559e2   Data          18  qr_encode.o(.constdata)
    byRSExp20                                0x080559f4   Data          20  qr_encode.o(.constdata)
    byRSExp22                                0x08055a08   Data          22  qr_encode.o(.constdata)
    byRSExp24                                0x08055a1e   Data          24  qr_encode.o(.constdata)
    byRSExp26                                0x08055a36   Data          26  qr_encode.o(.constdata)
    byRSExp28                                0x08055a50   Data          28  qr_encode.o(.constdata)
    byRSExp30                                0x08055a6c   Data          30  qr_encode.o(.constdata)
    byRSExp32                                0x08055a8a   Data          32  qr_encode.o(.constdata)
    byRSExp34                                0x08055aaa   Data          34  qr_encode.o(.constdata)
    byRSExp36                                0x08055acc   Data          36  qr_encode.o(.constdata)
    byRSExp38                                0x08055af0   Data          38  qr_encode.o(.constdata)
    byRSExp40                                0x08055b16   Data          40  qr_encode.o(.constdata)
    byRSExp42                                0x08055b3e   Data          42  qr_encode.o(.constdata)
    byRSExp44                                0x08055b68   Data          44  qr_encode.o(.constdata)
    byRSExp46                                0x08055b94   Data          46  qr_encode.o(.constdata)
    byRSExp48                                0x08055bc2   Data          48  qr_encode.o(.constdata)
    byRSExp50                                0x08055bf2   Data          50  qr_encode.o(.constdata)
    byRSExp52                                0x08055c24   Data          52  qr_encode.o(.constdata)
    byRSExp54                                0x08055c58   Data          54  qr_encode.o(.constdata)
    byRSExp56                                0x08055c8e   Data          56  qr_encode.o(.constdata)
    byRSExp58                                0x08055cc6   Data          58  qr_encode.o(.constdata)
    byRSExp60                                0x08055d00   Data          60  qr_encode.o(.constdata)
    byRSExp62                                0x08055d3c   Data          62  qr_encode.o(.constdata)
    byRSExp64                                0x08055d7a   Data          64  qr_encode.o(.constdata)
    byRSExp66                                0x08055dba   Data          66  qr_encode.o(.constdata)
    byRSExp68                                0x08055dfc   Data          68  qr_encode.o(.constdata)
    nIndicatorLenNumeral                     0x08055e40   Data          12  qr_encode.o(.constdata)
    nIndicatorLenAlphabet                    0x08055e4c   Data          12  qr_encode.o(.constdata)
    nIndicatorLen8Bit                        0x08055e58   Data          12  qr_encode.o(.constdata)
    nIndicatorLenKanji                       0x08055e64   Data          12  qr_encode.o(.constdata)
    domain                                   0x08055e70   Data          38  qr_encode.o(.constdata)
    List_status                              0x08055e98   Data         176  fsm_fram.o(.constdata)
    chs_warring                              0x08055f48   Data         600  word.o(.constdata)
    chs_standby                              0x080561a0   Data         420  word.o(.constdata)
    chs_start                                0x08056344   Data         180  word.o(.constdata)
    chs_choose                               0x080563f8   Data         680  word.o(.constdata)
    chs_menu                                 0x080566a0   Data         520  word.o(.constdata)
    chs_salling                              0x080568a8   Data         100  word.o(.constdata)
    chs_set                                  0x0805690c   Data        1380  word.o(.constdata)
    chs_info                                 0x08056e70   Data         900  word.o(.constdata)
    chs_drvset                               0x080571f4   Data         340  word.o(.constdata)
    __ctype_table                            0x08057348   Data         129  ctype_o.o(.constdata)
    Region$$Table$$Base                      0x08057e84   Number         0  anon$$obj.o(Region$$Table)
    Region$$Table$$Limit                     0x08057ea4   Number         0  anon$$obj.o(Region$$Table)
    SystemCoreClock                          0x20000014   Data           4  system_stm32f10x.o(.data)
    AHBPrescTable                            0x20000018   Data          16  system_stm32f10x.o(.data)
    OSCtxSwCtr                               0x20000028   Data           4  os_core.o(.data)
    OSEventFreeList                          0x2000002c   Data           4  os_core.o(.data)
    OSFlagFreeList                           0x20000030   Data           4  os_core.o(.data)
    OSCPUUsage                               0x20000034   Data           1  os_core.o(.data)
    OSIdleCtrMax                             0x20000038   Data           4  os_core.o(.data)
    OSIdleCtrRun                             0x2000003c   Data           4  os_core.o(.data)
    OSStatRdy                                0x20000040   Data           1  os_core.o(.data)
    OSIntNesting                             0x20000041   Data           1  os_core.o(.data)
    OSLockNesting                            0x20000042   Data           1  os_core.o(.data)
    OSPrioCur                                0x20000043   Data           1  os_core.o(.data)
    OSPrioHighRdy                            0x20000044   Data           1  os_core.o(.data)
    OSRdyGrp                                 0x20000045   Data           1  os_core.o(.data)
    OSRdyTbl                                 0x20000046   Data           4  os_core.o(.data)
    OSRunning                                0x2000004a   Data           1  os_core.o(.data)
    OSTaskCtr                                0x2000004b   Data           1  os_core.o(.data)
    OSIdleCtr                                0x2000004c   Data           4  os_core.o(.data)
    OSTCBCur                                 0x20000050   Data           4  os_core.o(.data)
    OSTCBFreeList                            0x20000054   Data           4  os_core.o(.data)
    OSTCBHighRdy                             0x20000058   Data           4  os_core.o(.data)
    OSTCBList                                0x2000005c   Data           4  os_core.o(.data)
    OSTickStepState                          0x20000060   Data           1  os_core.o(.data)
    OSMemFreeList                            0x20000064   Data           4  os_core.o(.data)
    OSQFreeList                              0x20000068   Data           4  os_core.o(.data)
    OSTime                                   0x2000006c   Data           4  os_core.o(.data)
    MasterReceptionComplete                  0x20000078   Data           1  i2c_ee_dma.o(.data)
    MasterTransitionComplete                 0x20000079   Data           1  i2c_ee_dma.o(.data)
    I2C_NumByteToWrite                       0x2000007c   Data           4  i2c_ee_dma.o(.data)
    I2C_WriteAddr                            0x20000080   Data           2  i2c_ee_dma.o(.data)
    I2C_NumByteWritingNow                    0x20000082   Data           1  i2c_ee_dma.o(.data)
    EE_Addr_Count                            0x20000083   Data           1  i2c_ee_dma.o(.data)
    I2C_pBuffer                              0x20000084   Data           4  i2c_ee_dma.o(.data)
    THH                                      0x200000a0   Data           4  rtc.o(.data)
    TMM                                      0x200000a4   Data           4  rtc.o(.data)
    TSS                                      0x200000a8   Data           4  rtc.o(.data)
    rx_len                                   0x200000bc   Data           4  uart485.o(.data)
    flag                                     0x200000c0   Data           1  uart485.o(.data)
    TX_READY                                 0x200000c4   Data           1  log.o(.data)
    pt                                       0x200000c8   Data           4  log.o(.data)
    pt_len                                   0x200000cc   Data           1  log.o(.data)
    icreader_rx_len                          0x200000d0   Data           2  bsp_ireader.o(.data)
    icreader_recv_dealwith                   0x200000dc   Data           4  bsp_ireader.o(.data)
    commucation_rx_len                       0x200000e4   Data           2  bsp_commucation.o(.data)
    commucationo_recv_dealwith               0x200000e8   Data           4  bsp_commucation.o(.data)
    size                                     0x200000f0   Data           4  setup.o(.data)
    len                                      0x200000f4   Data           4  setup.o(.data)
    assistantstate                           0x200000f8   Data           1  assist.o(.data)
    atiming                                  0x200000fa   Data           2  assist.o(.data)
    SEM_BILL_CMD                             0x200000fc   Data           4  bill.o(.data)
    sem_bill_check                           0x20000100   Data           8  bill.o(.data)
    billset                                  0x20000108   Data           1  bill.o(.data)
    bill_reset_time                          0x2000010c   Data           4  bill.o(.data)
    resetflag                                0x20000110   Data           1  bill.o(.data)
    billchangenum                            0x20000111   Data           1  bill.o(.data)
    billfactor                               0x20000114   Data           4  bill.o(.data)
    bill_timeout                             0x20000118   Data           8  bill.o(.data)
    chkvalue                                 0x20000120   Data           2  bill.o(.data)
    setupCount                               0x20000122   Data           1  bill.o(.data)
    checkcoinnum                             0x20000124   Data           1  coin.o(.data)
    SEM_COIN_CMD                             0x20000128   Data           4  coin.o(.data)
    coin_reset_time                          0x2000012c   Data           4  coin.o(.data)
    coinfactor                               0x20000130   Data           4  coin.o(.data)
    coinset                                  0x20000134   Data           1  coin.o(.data)
    coinchangenum                            0x20000135   Data           1  coin.o(.data)
    coin_timeout                             0x20000138   Data           8  coin.o(.data)
    test                                     0x20000148   Data           4  mdb_driver.o(.data)
    listHead                                 0x2000014c   Data           4  mdb_fram.o(.data)
    curNode                                  0x20000150   Data           4  mdb_fram.o(.data)
    cycle_s_time                             0x20000154   Data           4  mdb_fram.o(.data)
    time_consuming                           0x20000158   Data           4  mdb_fram.o(.data)
    sem_icreader_recv                        0x20000160   Data           4  ireader.o(.data)
    byRSExp                                  0x20000170   Data         276  qr_encode.o(.data)
    start                                    0x200002b0   Data           1  self_check.o(.data)
    jj                                       0x200002b1   Data           1  welcom.o(.data)
    t_t                                      0x200002b4   Data           4  sale_cardonline.o(.data)
    lesstime                                 0x200002cc   Data           4  test_channel.o(.data)
    timerecord                               0x200002d0   Data           4  test_channel.o(.data)
    cur_status                               0x20000308   Data           4  fsm_fram.o(.data)
    curMsg                                   0x2000030c   Data           4  fsm_fram.o(.data)
    fsmQueen                                 0x20000310   Data           4  fsm_fram.o(.data)
    commucationQueen                         0x2000031c   Data           4  com_fram.o(.data)
    sem_com_recv                             0x20000320   Data           4  com_fram.o(.data)
    flash_lock                               0x20000324   Data           4  com_fram.o(.data)
    r1                                       0x20000328   Data           4  flash_struct.o(.data)
    r2                                       0x2000032c   Data           4  flash_struct.o(.data)
    r3                                       0x20000330   Data           4  flash_struct.o(.data)
    r4                                       0x20000334   Data           4  flash_struct.o(.data)
    r5                                       0x20000338   Data           4  flash_struct.o(.data)
    r6                                       0x2000033c   Data           4  flash_struct.o(.data)
    i                                        0x20000344   Data           4  sst25vf016bdrv.o(.data)
    j                                        0x20000348   Data           4  sst25vf016bdrv.o(.data)
    CA306                                    0x2000034c   Data           1  global.o(.data)
    coin_level                               0x2000034d   Data           1  global.o(.data)
    sysfactor                                0x20000350   Data           4  global.o(.data)
    check_w_power_on                         0x20000354   Data           1  global.o(.data)
    g_fsm                                    0x20000356   Data           6  global.o(.data)
    version                                  0x2000035c   Data          13  word.o(.data)
    OSEventTbl                               0x20000370   Data         600  os_core.o(.bss)
    OSFlagTbl                                0x200005c8   Data         120  os_core.o(.bss)
    OSTaskStatStk                            0x20000640   Data         512  os_core.o(.bss)
    OSTaskIdleStk                            0x20000840   Data         512  os_core.o(.bss)
    OSTCBPrioTbl                             0x20000a40   Data         124  os_core.o(.bss)
    OSTCBTbl                                 0x20000abc   Data        1292  os_core.o(.bss)
    OSMemTbl                                 0x20000fc8   Data         144  os_core.o(.bss)
    OSQTbl                                   0x20001058   Data         240  os_core.o(.bss)
    calendar                                 0x2000115a   Data          10  rtc.o(.bss)
    rx                                       0x20001164   Data         200  uart485.o(.bss)
    icreader_recv_buf                        0x2000122c   Data         100  bsp_ireader.o(.bss)
    icreader_send_buf                        0x20001290   Data         100  bsp_ireader.o(.bss)
    commucation_recv_buf                     0x200012f4   Data         256  bsp_commucation.o(.bss)
    commucation_send_buf                     0x200013f4   Data         256  bsp_commucation.o(.bss)
    mytextboxxxxx                            0x200014f4   Data          12  menu_format.o(.bss)
    mymenu                                   0x20001500   Data          24  menu_format.o(.bss)
    holder                                   0x20001518   Data          28  menu_format.o(.bss)
    pt_memBlocks                             0x20001534   Data          20  mem.o(.bss)
    billvaltdator                            0x20005388   Data         116  bill.o(.bss)
    billequip                                0x200053fc   Data          16  bill.o(.bss)
    bill_cmd                                 0x2000540c   Data          16  bill.o(.bss)
    bill_cmd2                                0x2000541c   Data          16  bill.o(.bss)
    bill_cmd3                                0x2000542c   Data          10  bill.o(.bss)
    typevalue                                0x20005436   Data          16  bill.o(.bss)
    coin_buff                                0x20005448   Data          20  coin.o(.bss)
    coinchanger                              0x2000545c   Data          98  coin.o(.bss)
    coinequip                                0x200054c0   Data          16  coin.o(.bss)
    coin_cmd                                 0x200054d0   Data          16  coin.o(.bss)
    coin_cmd2                                0x200054e0   Data          16  coin.o(.bss)
    firstNode                                0x20005584   Data          16  mdb_fram.o(.bss)
    cIC                                      0x20005594   Data          64  card_reader_fram.o(.bss)
    pt_driverBoard                           0x200055e8   Data          40  drv_fram.o(.bss)
    fsmMsg                                   0x2000baa8   Data          16  fsm_fram.o(.bss)
    fsmmsg                                   0x2000bab8   Data         200  fsm_fram.o(.bss)
    g_trade                                  0x2000bdd8   Data         100  global.o(.bss)
    g_vm                                     0x2000be3c   Data          17  global.o(.bss)
    pt_word                                  0x2000be50   Data          36  word.o(.bss)
    bkptmp                                   0x2000de74   Data          84  main.o(.bss)
    __initial_sp                             0x2000e2c8   Data           0  startup_stm32f10x_hd.o(STACK)



==============================================================================

Memory Map of the image

  Image Entry point : 0x08010131

  Load Region LR_IROM1 (Base: 0x08010000, Size: 0x00048214, Max: 0x00070000, ABSOLUTE, COMPRESSED[0x00047f4c])

    Execution Region ER_IROM1 (Exec base: 0x08010000, Load base: 0x08010000, Size: 0x00047ea4, Max: 0x00070000, ABSOLUTE)

    Exec Addr    Load Addr    Size         Type   Attr      Idx    E Section Name        Object

    0x08010000   0x08010000   0x00000130   Data   RO          422    RESET               startup_stm32f10x_hd.o
    0x08010130   0x08010130   0x00000000   Code   RO         2519  * .ARM.Collect$$$$00000000  mc_w.l(entry.o)
    0x08010130   0x08010130   0x00000004   Code   RO         2799    .ARM.Collect$$$$00000001  mc_w.l(entry2.o)
    0x08010134   0x08010134   0x00000004   Code   RO         2802    .ARM.Collect$$$$00000004  mc_w.l(entry5.o)
    0x08010138   0x08010138   0x00000000   Code   RO         2804    .ARM.Collect$$$$00000008  mc_w.l(entry7b.o)
    0x08010138   0x08010138   0x00000000   Code   RO         2806    .ARM.Collect$$$$0000000A  mc_w.l(entry8b.o)
    0x08010138   0x08010138   0x00000008   Code   RO         2807    .ARM.Collect$$$$0000000B  mc_w.l(entry9a.o)
    0x08010140   0x08010140   0x00000000   Code   RO         2809    .ARM.Collect$$$$0000000D  mc_w.l(entry10a.o)
    0x08010140   0x08010140   0x00000000   Code   RO         2811    .ARM.Collect$$$$0000000F  mc_w.l(entry11a.o)
    0x08010140   0x08010140   0x00000004   Code   RO         2800    .ARM.Collect$$$$00002712  mc_w.l(entry2.o)
    0x08010144   0x08010144   0x000000dc   Code   RO            3    .text               misc.o
    0x08010220   0x08010220   0x000005bc   Code   RO           75    .text               stm32f10x_flash.o
    0x080107dc   0x080107dc   0x0000035c   Code   RO           98    .text               stm32f10x_gpio.o
    0x08010b38   0x08010b38   0x000003a4   Code   RO          147    .text               stm32f10x_rcc.o
    0x08010edc   0x08010edc   0x00000408   Code   RO          215    .text               stm32f10x_usart.o
    0x080112e4   0x080112e4   0x00000254   Code   RO          261    .text               stm32f10x_dma.o
    0x08011538   0x08011538   0x00000404   Code   RO          284    .text               stm32f10x_i2c.o
    0x0801193c   0x0801193c   0x00000148   Code   RO          307    .text               stm32f10x_rtc.o
    0x08011a84   0x08011a84   0x000000c4   Code   RO          330    .text               stm32f10x_bkp.o
    0x08011b48   0x08011b48   0x000000cc   Code   RO          353    .text               stm32f10x_pwr.o
    0x08011c14   0x08011c14   0x0000030c   Code   RO          376    .text               stm32f10x_spi.o
    0x08011f20   0x08011f20   0x00000e1a   Code   RO          399    .text               stm32f10x_tim.o
    0x08012d3a   0x08012d3a   0x00000002   PAD
    0x08012d3c   0x08012d3c   0x00000024   Code   RO          423    .text               startup_stm32f10x_hd.o
    0x08012d60   0x08012d60   0x000001e0   Code   RO          439    .text               system_stm32f10x.o
    0x08012f40   0x08012f40   0x00000970   Code   RO          463    .text               os_core.o
    0x080138b0   0x080138b0   0x000008b8   Code   RO          492    .text               os_flag.o
    0x08014168   0x08014168   0x00000288   Code   RO          520    .text               os_mem.o
    0x080143f0   0x080143f0   0x00000660   Code   RO          544    .text               os_q.o
    0x08014a50   0x08014a50   0x00000408   Code   RO          556    .text               os_sem.o
    0x08014e58   0x08014e58   0x00000830   Code   RO          568    .text               os_task.o
    0x08015688   0x08015688   0x000001f0   Code   RO          580    .text               os_time.o
    0x08015878   0x08015878   0x000000a4   Code   RO          598    .text               os_cpu_a.o
    0x0801591c   0x0801591c   0x000000ac   Code   RO          601    .text               os_cpu_c.o
    0x080159c8   0x080159c8   0x0000085c   Code   RO          888    .text               12864-no_font.o
    0x08016224   0x08016224   0x000006c8   Code   RO          908    .text               bsp_lcd.o
    0x080168ec   0x080168ec   0x000001f4   Code   RO          933    .text               sys_config.o
    0x08016ae0   0x08016ae0   0x000008b8   Code   RO          977    .text               i2c_ee_dma.o
    0x08017398   0x08017398   0x000004f0   Code   RO         1000    .text               rtc.o
    0x08017888   0x08017888   0x00000150   Code   RO         1031    .text               tim3.o
    0x080179d8   0x080179d8   0x000003bc   Code   RO         1052    .text               uart485.o
    0x08017d94   0x08017d94   0x000001e4   Code   RO         1089    .text               log.o
    0x08017f78   0x08017f78   0x00000428   Code   RO         1112    .text               bsp_ireader.o
    0x080183a0   0x080183a0   0x000003e4   Code   RO         1136    .text               bsp_commucation.o
    0x08018784   0x08018784   0x0000062c   Code   RO         1160    .text               bsp_key.o
    0x08018db0   0x08018db0   0x000007d4   Code   RO         1212    .text               bsp_bkp.o
    0x08019584   0x08019584   0x00001288   Code   RO         1232    .text               menu_format.o
    0x0801a80c   0x0801a80c   0x00000118   Code   RO         1259    .text               mem.o
    0x0801a924   0x0801a924   0x00000090   Code   RO         1282    .text               msg.o
    0x0801a9b4   0x0801a9b4   0x000010c4   Code   RO         1303    .text               setup.o
    0x0801ba78   0x0801ba78   0x0000008c   Code   RO         1326    .text               assist.o
    0x0801bb04   0x0801bb04   0x00001594   Code   RO         1352    .text               bill.o
    0x0801d098   0x0801d098   0x000013a4   Code   RO         1382    .text               coin.o
    0x0801e43c   0x0801e43c   0x0000063c   Code   RO         1409    .text               mdb_driver.o
    0x0801ea78   0x0801ea78   0x000000ec   Code   RO         1433    .text               mdb_fram.o
    0x0801eb64   0x0801eb64   0x00000118   Code   RO         1475    .text               card_reader_fram.o
    0x0801ec7c   0x0801ec7c   0x00000290   Code   RO         1509    .text               ireader.o
    0x0801ef0c   0x0801ef0c   0x00000b24   Code   RO         1535    .text               drv.o
    0x0801fa30   0x0801fa30   0x00000380   Code   RO         1555    .text               drv_fram.o
    0x0801fdb0   0x0801fdb0   0x000005d8   Code   RO         1585    .text               drv_policy.o
    0x08020388   0x08020388   0x00002532   Code   RO         1631    .text               qr_encode.o
    0x080228ba   0x080228ba   0x00000002   PAD
    0x080228bc   0x080228bc   0x000001c0   Code   RO         1669    .text               self_check.o
    0x08022a7c   0x08022a7c   0x0000033c   Code   RO         1692    .text               welcom.o
    0x08022db8   0x08022db8   0x00000508   Code   RO         1718    .text               sale_cardonline.o
    0x080232c0   0x080232c0   0x0000037c   Code   RO         1741    .text               check_cardonline.o
    0x0802363c   0x0802363c   0x00000270   Code   RO         1761    .text               sale_qrcode.o
    0x080238ac   0x080238ac   0x000001c4   Code   RO         1781    .text               trade_cash.o
    0x08023a70   0x08023a70   0x000006f4   Code   RO         1804    .text               choose_goods.o
    0x08024164   0x08024164   0x0000018c   Code   RO         1824    .text               menu_2.o
    0x080242f0   0x080242f0   0x000000d8   Code   RO         1846    .text               menu_1.o
    0x080243c8   0x080243c8   0x00000b3c   Code   RO         1868    .text               vm_info.o
    0x08024f04   0x08024f04   0x00000c78   Code   RO         1890    .text               set_goods.o
    0x08025b7c   0x08025b7c   0x00000b00   Code   RO         1912    .text               test_channel.o
    0x0802667c   0x0802667c   0x00000b6c   Code   RO         1935    .text               set_channel.o
    0x080271e8   0x080271e8   0x000004e8   Code   RO         1957    .text               set_tempeture.o
    0x080276d0   0x080276d0   0x00000694   Code   RO         1979    .text               set_export.o
    0x08027d64   0x08027d64   0x0000039c   Code   RO         2001    .text               set_apply.o
    0x08028100   0x08028100   0x00001224   Code   RO         2023    .text               set_vm.o
    0x08029324   0x08029324   0x000000f0   Code   RO         2045    .text               fsm_fram.o
    0x08029414   0x08029414   0x0000030c   Code   RO         2070    .text               vm_simple_info.o
    0x08029720   0x08029720   0x00000a90   Code   RO         2090    .text               set_driverboard.o
    0x0802a1b0   0x0802a1b0   0x0000105c   Code   RO         2112    .text               fsm_statistic.o
    0x0802b20c   0x0802b20c   0x000009a8   Code   RO         2132    .text               com_fram.o
    0x0802bbb4   0x0802bbb4   0x00000006   Code   RO         2159    .text               pack_dispense.o
    0x0802bbba   0x0802bbba   0x00000002   PAD
    0x0802bbbc   0x0802bbbc   0x00000670   Code   RO         2196    .text               pack_load.o
    0x0802c22c   0x0802c22c   0x00000840   Code   RO         2216    .text               pack_online_pay.o
    0x0802ca6c   0x0802ca6c   0x00000184   Code   RO         2236    .text               pack_temp_report.o
    0x0802cbf0   0x0802cbf0   0x00000290   Code   RO         2256    .text               pack_channel_set.o
    0x0802ce80   0x0802ce80   0x000003c4   Code   RO         2276    .text               pack_trade_result.o
    0x0802d244   0x0802d244   0x00000110   Code   RO         2297    .text               pack_device_set.o
    0x0802d354   0x0802d354   0x000001d0   Code   RO         2317    .text               pack_state_change.o
    0x0802d524   0x0802d524   0x00000164   Code   RO         2337    .text               pack_qrcode.o
    0x0802d688   0x0802d688   0x00000006   Code   RO         2357    .text               pack_status_change.o
    0x0802d68e   0x0802d68e   0x00000002   PAD
    0x0802d690   0x0802d690   0x00000e50   Code   RO         2377    .text               flash_struct.o
    0x0802e4e0   0x0802e4e0   0x000007c8   Code   RO         2402    .text               sst25vf016bdrv.o
    0x0802eca8   0x0802eca8   0x00000998   Code   RO         2423    .text               global.o
    0x0802f640   0x0802f640   0x00000074   Code   RO         2448    .text               word.o
    0x0802f6b4   0x0802f6b4   0x000002d8   Code   RO         2471    .text               main.o
    0x0802f98c   0x0802f98c   0x0000004c   Code   RO         2498    .text               stm32f10x_it.o
    0x0802f9d8   0x0802f9d8   0x00000040   Code   RO         2524    .text               mc_w.l(memmovea.o)
    0x0802fa18   0x0802fa18   0x00000024   Code   RO         2526    .text               mc_w.l(memseta.o)
    0x0802fa3c   0x0802fa3c   0x0000000e   Code   RO         2528    .text               mc_w.l(strlen.o)
    0x0802fa4a   0x0802fa4a   0x00000012   Code   RO         2530    .text               mc_w.l(strcpy.o)
    0x0802fa5c   0x0802fa5c   0x0000001a   Code   RO         2797    .text               mc_w.l(atoi.o)
    0x0802fa76   0x0802fa76   0x0000002c   Code   RO         2814    .text               mc_w.l(uidiv.o)
    0x0802faa2   0x0802faa2   0x00000070   Code   RO         2825    .text               mc_w.l(strtol.o)
    0x0802fb12   0x0802fb12   0x00000002   PAD
    0x0802fb14   0x0802fb14   0x00000024   Code   RO         2838    .text               mc_w.l(init.o)
    0x0802fb38   0x0802fb38   0x00000008   Code   RO         2846    .text               mc_w.l(ctype_o.o)
    0x0802fb40   0x0802fb40   0x0000009e   Code   RO         2874    .text               mc_w.l(_strtoul.o)
    0x0802fbde   0x0802fbde   0x0000001c   Code   RO         2878    .text               mc_w.l(_chval.o)
    0x0802fbfa   0x0802fbfa   0x00000056   Code   RO         2888    .text               mc_w.l(__dczerorl2.o)
    0x0802fc50   0x0802fc50   0x00000028   Code   RO         2693    i.__0sprintf$6      mc_w.l(printf6.o)
    0x0802fc78   0x0802fc78   0x00000008   Code   RO         2818    i.__aeabi_errno_addr  mc_w.l(errno.o)
    0x0802fc80   0x0802fc80   0x0000000e   Code   RO         2882    i.__scatterload_copy  mc_w.l(handlers.o)
    0x0802fc8e   0x0802fc8e   0x00000002   Code   RO         2883    i.__scatterload_null  mc_w.l(handlers.o)
    0x0802fc90   0x0802fc90   0x0000000e   Code   RO         2884    i.__scatterload_zeroinit  mc_w.l(handlers.o)
    0x0802fc9e   0x0802fc9e   0x00000002   PAD
    0x0802fca0   0x0802fca0   0x000002f0   Code   RO         2698    i._printf_core      mc_w.l(printf6.o)
    0x0802ff90   0x0802ff90   0x00000024   Code   RO         2699    i._printf_post_padding  mc_w.l(printf6.o)
    0x0802ffb4   0x0802ffb4   0x0000002e   Code   RO         2700    i._printf_pre_padding  mc_w.l(printf6.o)
    0x0802ffe2   0x0802ffe2   0x0000000a   Code   RO         2702    i._sputc            mc_w.l(printf6.o)
    0x0802ffec   0x0802ffec   0x00000100   Data   RO          465    .constdata          os_core.o
    0x080300ec   0x080300ec   0x00021cf8   Data   RO          645    .constdata          font48.o
    0x08051de4   0x08051de4   0x000021cc   Data   RO          873    .constdata          12864_nofont_font.o
    0x08053fb0   0x08053fb0   0x00000018   Data   RO         1002    .constdata          rtc.o
    0x08053fc8   0x08053fc8   0x00000018   Data   RO         1161    .constdata          bsp_key.o
    0x08053fe0   0x08053fe0   0x00001eb6   Data   RO         1633    .constdata          qr_encode.o
    0x08055e96   0x08055e96   0x00000002   PAD
    0x08055e98   0x08055e98   0x000000b0   Data   RO         2047    .constdata          fsm_fram.o
    0x08055f48   0x08055f48   0x00001400   Data   RO         2450    .constdata          word.o
    0x08057348   0x08057348   0x00000081   Data   RO         2847    .constdata          mc_w.l(ctype_o.o)
    0x080573c9   0x080573c9   0x00000003   PAD
    0x080573cc   0x080573cc   0x00000004   Data   RO         2848    .constdata          mc_w.l(ctype_o.o)
    0x080573d0   0x080573d0   0x00000ab3   Data   RO         2451    .conststring        word.o
    0x08057e83   0x08057e83   0x00000001   PAD
    0x08057e84   0x08057e84   0x00000020   Data   RO         2880    Region$$Table       anon$$obj.o


    Execution Region RW_IRAM1 (Exec base: 0x20000000, Load base: 0x08057ea4, Size: 0x0000e2c8, Max: 0x00010000, ABSOLUTE, COMPRESSED[0x000000a8])

    Exec Addr    Load Addr    Size         Type   Attr      Idx    E Section Name        Object

    0x20000000   COMPRESSED   0x00000014   Data   RW          148    .data               stm32f10x_rcc.o
    0x20000014   COMPRESSED   0x00000014   Data   RW          440    .data               system_stm32f10x.o
    0x20000028   COMPRESSED   0x00000048   Data   RW          466    .data               os_core.o
    0x20000070   COMPRESSED   0x00000030   Data   RW          978    .data               i2c_ee_dma.o
    0x200000a0   COMPRESSED   0x0000000e   Data   RW         1003    .data               rtc.o
    0x200000ae   COMPRESSED   0x00000002   PAD
    0x200000b0   COMPRESSED   0x00000011   Data   RW         1054    .data               uart485.o
    0x200000c1   COMPRESSED   0x00000003   PAD
    0x200000c4   COMPRESSED   0x00000009   Data   RW         1090    .data               log.o
    0x200000cd   COMPRESSED   0x00000003   PAD
    0x200000d0   COMPRESSED   0x00000011   Data   RW         1114    .data               bsp_ireader.o
    0x200000e1   COMPRESSED   0x00000003   PAD
    0x200000e4   COMPRESSED   0x00000009   Data   RW         1138    .data               bsp_commucation.o
    0x200000ed   COMPRESSED   0x00000003   PAD
    0x200000f0   COMPRESSED   0x00000008   Data   RW         1304    .data               setup.o
    0x200000f8   COMPRESSED   0x00000004   Data   RW         1327    .data               assist.o
    0x200000fc   COMPRESSED   0x00000027   Data   RW         1354    .data               bill.o
    0x20000123   COMPRESSED   0x00000001   PAD
    0x20000124   COMPRESSED   0x0000001c   Data   RW         1384    .data               coin.o
    0x20000140   COMPRESSED   0x0000000c   Data   RW         1411    .data               mdb_driver.o
    0x2000014c   COMPRESSED   0x00000010   Data   RW         1435    .data               mdb_fram.o
    0x2000015c   COMPRESSED   0x00000004   Data   RW         1477    .data               card_reader_fram.o
    0x20000160   COMPRESSED   0x00000004   Data   RW         1510    .data               ireader.o
    0x20000164   COMPRESSED   0x0000000c   Data   RW         1557    .data               drv_fram.o
    0x20000170   COMPRESSED   0x00000140   Data   RW         1634    .data               qr_encode.o
    0x200002b0   COMPRESSED   0x00000001   Data   RW         1670    .data               self_check.o
    0x200002b1   COMPRESSED   0x00000001   Data   RW         1693    .data               welcom.o
    0x200002b2   COMPRESSED   0x00000002   PAD
    0x200002b4   COMPRESSED   0x00000004   Data   RW         1719    .data               sale_cardonline.o
    0x200002b8   COMPRESSED   0x00000004   Data   RW         1825    .data               menu_2.o
    0x200002bc   COMPRESSED   0x00000004   Data   RW         1847    .data               menu_1.o
    0x200002c0   COMPRESSED   0x00000004   Data   RW         1869    .data               vm_info.o
    0x200002c4   COMPRESSED   0x00000008   Data   RW         1891    .data               set_goods.o
    0x200002cc   COMPRESSED   0x00000008   Data   RW         1913    .data               test_channel.o
    0x200002d4   COMPRESSED   0x00000008   Data   RW         1936    .data               set_channel.o
    0x200002dc   COMPRESSED   0x00000008   Data   RW         1958    .data               set_tempeture.o
    0x200002e4   COMPRESSED   0x0000000c   Data   RW         1980    .data               set_export.o
    0x200002f0   COMPRESSED   0x00000008   Data   RW         2002    .data               set_apply.o
    0x200002f8   COMPRESSED   0x00000010   Data   RW         2024    .data               set_vm.o
    0x20000308   COMPRESSED   0x0000000c   Data   RW         2048    .data               fsm_fram.o
    0x20000314   COMPRESSED   0x00000008   Data   RW         2091    .data               set_driverboard.o
    0x2000031c   COMPRESSED   0x0000000c   Data   RW         2134    .data               com_fram.o
    0x20000328   COMPRESSED   0x00000018   Data   RW         2379    .data               flash_struct.o
    0x20000340   COMPRESSED   0x0000000c   Data   RW         2403    .data               sst25vf016bdrv.o
    0x2000034c   COMPRESSED   0x00000010   Data   RW         2425    .data               global.o
    0x2000035c   COMPRESSED   0x0000000d   Data   RW         2452    .data               word.o
    0x20000369   COMPRESSED   0x00000003   PAD
    0x2000036c   COMPRESSED   0x00000004   Data   RW         2821    .data               mc_w.l(errno.o)
    0x20000370        -       0x00000dd8   Zero   RW          464    .bss                os_core.o
    0x20001148        -       0x00000012   Zero   RW          909    .bss                bsp_lcd.o
    0x2000115a        -       0x0000000a   Zero   RW         1001    .bss                rtc.o
    0x20001164        -       0x000000c8   Zero   RW         1053    .bss                uart485.o
    0x2000122c        -       0x000000c8   Zero   RW         1113    .bss                bsp_ireader.o
    0x200012f4        -       0x00000200   Zero   RW         1137    .bss                bsp_commucation.o
    0x200014f4        -       0x00000040   Zero   RW         1233    .bss                menu_format.o
    0x20001534        -       0x00003e54   Zero   RW         1260    .bss                mem.o
    0x20005388        -       0x000000be   Zero   RW         1353    .bss                bill.o
    0x20005446   COMPRESSED   0x00000002   PAD
    0x20005448        -       0x000000a8   Zero   RW         1383    .bss                coin.o
    0x200054f0        -       0x00000094   Zero   RW         1410    .bss                mdb_driver.o
    0x20005584        -       0x00000010   Zero   RW         1434    .bss                mdb_fram.o
    0x20005594        -       0x00000054   Zero   RW         1476    .bss                card_reader_fram.o
    0x200055e8        -       0x00000028   Zero   RW         1556    .bss                drv_fram.o
    0x20005610        -       0x00000048   Zero   RW         1586    .bss                drv_policy.o
    0x20005658        -       0x0000644d   Zero   RW         1632    .bss                qr_encode.o
    0x2000baa5   COMPRESSED   0x00000003   PAD
    0x2000baa8        -       0x000000d8   Zero   RW         2046    .bss                fsm_fram.o
    0x2000bb80        -       0x00000050   Zero   RW         2133    .bss                com_fram.o
    0x2000bbd0        -       0x00000208   Zero   RW         2378    .bss                flash_struct.o
    0x2000bdd8        -       0x00000075   Zero   RW         2424    .bss                global.o
    0x2000be4d   COMPRESSED   0x00000003   PAD
    0x2000be50        -       0x00000024   Zero   RW         2449    .bss                word.o
    0x2000be74        -       0x00002054   Zero   RW         2472    .bss                main.o
    0x2000dec8        -       0x00000400   Zero   RW          420    STACK               startup_stm32f10x_hd.o


==============================================================================

Image component sizes


      Code (inc. data)   RO Data    RW Data    ZI Data      Debug   Object Name

      2140         26          0          0          0       7259   12864-no_font.o
         0          0       8652          0          0       5388   12864_nofont_font.o
       140         10          0          4          0       1533   assist.o
      5524        266          0         39        190      13342   bill.o
      2004         24          0          0          0       7400   bsp_bkp.o
       996         34          0          9        512       3836   bsp_commucation.o
      1064         46          0         17        200       3918   bsp_ireader.o
      1580         64         24          0          0       3314   bsp_key.o
      1736         56          0          0         18       6308   bsp_lcd.o
       280         16          0          4         84       2673   card_reader_fram.o
       892         34          0          0          0       1206   check_cardonline.o
      1780         50          0          0          0       2180   choose_goods.o
      5028        212          0         28        168      12033   coin.o
      2472         56          0         12         80       5793   com_fram.o
      2852         28          0          0          0       8998   drv.o
       896         22          0         12         40       4198   drv_fram.o
      1496         34          0          0         72       2660   drv_policy.o
      3664         82          0         24        520       8275   flash_struct.o
         0          0     138488          0          0       5344   font48.o
       240         24        176         12        216       1541   fsm_fram.o
      4188         76          0          0          0       1920   fsm_statistic.o
      2456         32          0         16        117       7757   global.o
      2232        234          0         48          0       5524   i2c_ee_dma.o
       656         20          0          4          0       2704   ireader.o
       484         30          0          9          0       2091   log.o
       728        110          0          0       8276       4185   main.o
      1596         82          0         12        148       4082   mdb_driver.o
       236         20          0         16         16       2652   mdb_fram.o
       280         26          0          0      15956       1684   mem.o
       216         14          0          4          0       1484   menu_1.o
       396         14          0          4          0       1561   menu_2.o
      4744        142          0          0         64       7672   menu_format.o
       220         22          0          0          0     213629   misc.o
       144          4          0          0          0       1759   msg.o
      2416        210        256         72       3544      18619   os_core.o
       164         32          0          0          0        328   os_cpu_a.o
       172          0          0          0          0      12308   os_cpu_c.o
      2232         38          0          0          0      16747   os_flag.o
       648         14          0          0          0       3520   os_mem.o
      1632         28          0          0          0       5953   os_q.o
      1032         16          0          0          0       4166   os_sem.o
      2096         68          0          0          0       7241   os_task.o
       496         24          0          0          0       1950   os_time.o
       656         52          0          0          0       1493   pack_channel_set.o
       272          8          0          0          0       1268   pack_device_set.o
         6          0          0          0          0        559   pack_dispense.o
      1648         56          0          0          0       2915   pack_load.o
      2112         78          0          0          0       3868   pack_online_pay.o
       356         18          0          0          0       1666   pack_qrcode.o
       464         28          0          0          0       1446   pack_state_change.o
         6          0          0          0          0        591   pack_status_change.o
       388         10          0          0          0       1408   pack_temp_report.o
       964         58          0          0          0       1824   pack_trade_result.o
      9522        252       7862        320      25677      15629   qr_encode.o
         0          0          0          0          0      27645   ra8875.o
      1264         32         24         14         10       4767   rtc.o
      1288         40          0          4          0       1542   sale_cardonline.o
       624         20          0          0          0       1064   sale_qrcode.o
       448         50          0          1          0       1389   self_check.o
       924         26          0          8          0       2078   set_apply.o
      2924         80          0          8          0       2973   set_channel.o
      2704         92          0          8          0       2997   set_driverboard.o
      1684         64          0         12          0       2396   set_export.o
      3192         90          0          8          0       3071   set_goods.o
      1256         26          0          8          0       2353   set_tempeture.o
      4644        142          0         16          0       3512   set_vm.o
      4292         28          0          8          0      12289   setup.o
      1992         44          0         12          0       5642   sst25vf016bdrv.o
        36          8        304          0       1024        896   startup_stm32f10x_hd.o
       196          8          0          0          0       3584   stm32f10x_bkp.o
       596          8          0          0          0      14358   stm32f10x_dma.o
      1468         34          0          0          0      14706   stm32f10x_flash.o
       860         38          0          0          0      23073   stm32f10x_gpio.o
      1028         16          0          0          0      17343   stm32f10x_i2c.o
        76          8          0          0          0       1235   stm32f10x_it.o
       204         14          0          0          0       1983   stm32f10x_pwr.o
       932         36          0         20          0       9008   stm32f10x_rcc.o
       328          4          0          0          0       2754   stm32f10x_rtc.o
       780         14          0          0          0      13690   stm32f10x_spi.o
      3610         88          0          0          0      43356   stm32f10x_tim.o
      1032         22          0          0          0      14664   stm32f10x_usart.o
       500         42          0          0          0      23840   sys_config.o
       480         38          0         20          0       1815   system_stm32f10x.o
      2816         66          0          8          0       3068   test_channel.o
       336         10          0          0          0       1283   tim3.o
       452         12          0          0          0       1044   trade_cash.o
       956         44          0         17        200       2651   uart485.o
      2876         64          0          4          0       2545   vm_info.o
       780         16          0          0          0       1107   vm_simple_info.o
       828         54          0          1          0       1590   welcom.o
       116         48       7859         13         36       2500   word.o

    ----------------------------------------------------------------------
    129172       4326     163680        876      57176     745213   Object Totals
         0          0         32          0          0          0   (incl. Generated)
         8          0          3         20          8          0   (incl. Padding)

    ----------------------------------------------------------------------

      Code (inc. data)   RO Data    RW Data    ZI Data      Debug   Library Member Name

        86          0          0          0          0          0   __dczerorl2.o
        28          0          0          0          0         68   _chval.o
       158          0          0          0          0         92   _strtoul.o
        26          0          0          0          0         80   atoi.o
         8          4        133          0          0         68   ctype_o.o
         0          0          0          0          0          0   entry.o
         0          0          0          0          0          0   entry10a.o
         0          0          0          0          0          0   entry11a.o
         8          4          0          0          0          0   entry2.o
         4          0          0          0          0          0   entry5.o
         0          0          0          0          0          0   entry7b.o
         0          0          0          0          0          0   entry8b.o
         8          4          0          0          0          0   entry9a.o
         8          4          0          4          0         68   errno.o
        30          0          0          0          0          0   handlers.o
        36          8          0          0          0         68   init.o
        64          0          0          0          0         76   memmovea.o
        36          0          0          0          0        108   memseta.o
       884         10          0          0          0        420   printf6.o
        18          0          0          0          0         68   strcpy.o
        14          0          0          0          0         68   strlen.o
       112          0          0          0          0         88   strtol.o
        44          0          0          0          0         80   uidiv.o

    ----------------------------------------------------------------------
      1576         34        136          4          0       1352   Library Totals
         4          0          3          0          0          0   (incl. Padding)

    ----------------------------------------------------------------------

      Code (inc. data)   RO Data    RW Data    ZI Data      Debug   Library Name

      1572         34        133          4          0       1352   mc_w.l

    ----------------------------------------------------------------------
      1576         34        136          4          0       1352   Library Totals

    ----------------------------------------------------------------------

==============================================================================


      Code (inc. data)   RO Data    RW Data    ZI Data      Debug   

    130748       4360     163816        880      57176     738789   Grand Totals
    130748       4360     163816        168      57176     738789   ELF Image Totals (compressed)
    130748       4360     163816        168          0          0   ROM Totals

==============================================================================

    Total RO  Size (Code + RO Data)               294564 ( 287.66kB)
    Total RW  Size (RW Data + ZI Data)             58056 (  56.70kB)
    Total ROM Size (Code + RO Data + RW Data)     294732 ( 287.82kB)

==============================================================================

